<?xml version="1.0" encoding="utf-8"?><testsuites><testsuite name="pytest" errors="0" failures="0" skipped="0" tests="4" time="6.819" timestamp="2024-12-23T12:22:02.232115" hostname="Joels-MacBook-Pro.local"><testcase classname="tests.model.test_model.TestModel" name="test_model_fit" time="1.953" /><testcase classname="tests.model.test_model.TestModel" name="test_model_predict" time="1.968" /><testcase classname="tests.model.test_model.TestModel" name="test_model_preprocess_for_serving" time="0.133" /><testcase classname="tests.model.test_model.TestModel" name="test_model_preprocess_for_training" time="1.872" /></testsuite></testsuites>